<html>
<body>
<pre>
<h1>µVision Build Log</h1>
<h2>Tool Versions:</h2>
IDE-Version: ¦ÌVision V5.22.0.0
Copyright (C) 2016 ARM Ltd and ARM Germany GmbH. All rights reserved.
License Information: lv quanhui, 1123, LIC=6XJII-T9U6Q-QGG7I-T4LM4-NQ060-900NI
 
Tool Versions:
Toolchain:       MDK-ARM Professional  Version: 5.22
Toolchain Path:  C:\Keil_v5\ARM\ARMCC\Bin
C Compiler:      Armcc.exe V5.06 update 4 (build 422)
Assembler:       Armasm.exe V5.06 update 4 (build 422)
Linker/Locator:  ArmLink.exe V5.06 update 4 (build 422)
Library Manager: ArmAr.exe V5.06 update 4 (build 422)
Hex Converter:   FromElf.exe V5.06 update 4 (build 422)
CPU DLL:         SARMCM3.DLL V5.22
Dialog DLL:      DCM.DLL V1.13.9.0
Target DLL:      Segger\JL2CM3.dll V2.99.23.0
Dialog DLL:      TCM.DLL V1.21.0.0
 
<h2>Project:</h2>
D:\03--GitHub\00--HeartRate\HeartRate\MDK-ARM\HeartRate.uvprojx
Project File Date:  01/18/2018

<h2>Output:</h2>
*** Using Compiler 'V5.06 update 4 (build 422)', folder: 'C:\Keil_v5\ARM\ARMCC\Bin'
Build target 'HeartRate'
compiling DrvMax.c...
..\USER\DRV\DrvMax.c(220): warning:  #177-D: variable "temp_int"  was declared but never referenced
    u8 temp_int = 0, temp_fraction = 0;
..\USER\DRV\DrvMax.c(220): warning:  #177-D: variable "temp_fraction"  was declared but never referenced
    u8 temp_int = 0, temp_fraction = 0;
..\USER\DRV\DrvMax.c: 2 warnings, 0 errors
linking...
Program Size: Code=9172 RO-data=452 RW-data=248 ZI-data=6600  
"HeartRate\HeartRate.axf" - 0 Error(s), 2 Warning(s).

<h2>Software Packages used:</h2>

Package Vendor: ARM
                http://www.keil.com/pack/ARM.CMSIS.5.0.0.pack
                ARM::CMSIS:CORE:5.0.0
                CMSIS (Cortex Microcontroller Software Interface Standard)
   * Component: CORE Version: 5.0.0

<h2>Collection of Component include folders:</h2>
  D:\03--GitHub\00--HeartRate\HeartRate\MDK-ARM\RTE\_HeartRate
  C:\Keil_v5\ARM\PACK\ARM\CMSIS\5.0.0\CMSIS\Include
  C:\Keil_v5\ARM\PACK\Keil\STM32F1xx_DFP\2.0.0\Device\Include

<h2>Collection of Component Files used:</h2>

   * Component: ARM::CMSIS:CORE:5.0.0
Build Time Elapsed:  00:00:02
</pre>
</body>
</html>
